// Code generated by https://github.com/alertego/gdao/gen. YOU CAN EDIT FOR MORE.

package testdata

import "time"

// Postgres postgres
type Postgres struct {
	// Bigint
	Bigint *int64 `gdao:"column=bigint"`
	// Bigserial bigserial
	Bigserial *int64 `gdao:"column=bigserial"`
	// Bit bit
	Bit *string `gdao:"column=bit"`
	// BitArying bit arying
	BitArying *string `gdao:"column=bit_arying"`
	// Boolean boolean
	Boolean []bool `gdao:"column=boolean"`
	// Box box
	Box *string `gdao:"column=box"`
	// Bytea bytea
	Bytea []byte `gdao:"column=bytea"`
	// Character character
	Character *string `gdao:"column=character"`
	// CharacterVarying character varying
	CharacterVarying *string `gdao:"column=character_varying"`
	// Cidr cidr
	Cidr *string `gdao:"column=cidr"`
	// Circle circle
	Circle *string `gdao:"column=circle"`
	// Date date
	Date *time.Time `gdao:"column=date"`
	// DoublePrecision double precision
	DoublePrecision *float64 `gdao:"column=double_precision"`
	// Inet inet
	Inet *string `gdao:"column=inet"`
	// Integer integer
	Integer *int32 `gdao:"column=integer"`
	// Interval interval
	Interval *string `gdao:"column=interval"`
	// Json json
	Json *string `gdao:"column=json"`
	// Jsonb jsonb
	Jsonb *string `gdao:"column=jsonb"`
	// Line line
	Line *string `gdao:"column=line"`
	// Lseg lseg
	Lseg *string `gdao:"column=lseg"`
	// Macaddr macaddr
	Macaddr *string `gdao:"column=macaddr"`
	// Macaddr8 macaddr8
	Macaddr8 *string `gdao:"column=macaddr8"`
	// Money money
	Money *float64 `gdao:"column=money"`
	// Numeric numeric
	Numeric *float64 `gdao:"column=numeric"`
	// Path path
	Path *string `gdao:"column=path"`
	// PgLsn pg_lsn
	PgLsn *string `gdao:"column=pg_lsn"`
	// PgSnapshot pg_snapshot
	PgSnapshot *string `gdao:"column=pg_snapshot"`
	// Point point
	Point *string `gdao:"column=point"`
	// Polygon polygon
	Polygon *string `gdao:"column=polygon"`
	// Real real
	Real *float32 `gdao:"column=real"`
	// Smallint smallint
	Smallint *int16 `gdao:"column=smallint"`
	// Smallserial smallserial
	Smallserial *int16 `gdao:"column=smallserial"`
	// Serial serial
	Serial *int32 `gdao:"column=serial"`
	// Text text
	Text *string `gdao:"column=text"`
	// Time time
	Time *time.Time `gdao:"column=time"`
	// TimeWithTimeZone time with time zone
	TimeWithTimeZone *time.Time `gdao:"column=time_with_time_zone"`
	// Timestamp timestamp
	Timestamp *time.Time `gdao:"column=timestamp"`
	// TimestampWithTimeZone timestamp with time zone
	TimestampWithTimeZone *time.Time `gdao:"column=timestamp_with_time_zone"`
	// Tsquery tsquery
	Tsquery *string `gdao:"column=tsquery"`
	// Tsvector tsvector
	Tsvector *string `gdao:"column=tsvector"`
	// TxidSnapshot txid_snapshot
	TxidSnapshot *string `gdao:"column=txid_snapshot"`
	// Uuid uuid
	Uuid *string `gdao:"column=uuid"`
	// Xml xml
	Xml *string `gdao:"column=xml"`
}
