// Code generated by https://github.com/alertego/gdao/gen. YOU CAN EDIT FOR MORE.

package testdata