// Code generated by https://github.com/jishaocong0910/gdao. YOU CAN EDIT FOR MORE.

package dao

import "github.com/jishaocong0910/gdao"

var PostgresDao = _PostgresDao{newBaseDao[Postgres](gdao.NewDaoReq{}, "postgres")}

type _PostgresDao struct {
	*baseDao[Postgres]
}
