// Code generated by https://github.com/jishaocong0910/gdao. YOU CAN EDIT FOR MORE.

package dao

import "github.com/jishaocong0910/gdao"

var CountDao = _CountDao{gdao.NewCountDao(gdao.NewCountDaoReq{})}

type _CountDao struct {
	*gdao.CountDao
}
