// Code generated by https://github.com/jishaocong0910/gdao. YOU CAN EDIT FOR MORE.

package dao

import "github.com/jishaocong0910/gdao"

var TestTableDao = _TestTableDao{newBaseDao[TestTable](gdao.NewDaoReq{AllowInvalidField: true}, "test_table")}

type _TestTableDao struct {
	*baseDao[TestTable]
}
