// Code generated by https://github.com/jishaocong0910/gdao. YOU CAN EDIT FOR MORE.

package dao

import "time"

// Sqlite table comment
// table: sqlite
type Sqlite struct {
	// AutoIncrement auto_increment
	AutoIncrement *int64 `gdao:"column=auto_increment;auto"`
	// Int
	Int *int64 `gdao:"column=int"`
	// Tinyint tinyint
	Tinyint *int64 `gdao:"column=tinyint"`
	// Smallint
	Smallint *int64 `gdao:"column=smallint"`
	// Mediumint mediumint
	Mediumint *int64 `gdao:"column=mediumint"`
	// Bigint bigint
	Bigint *int64 `gdao:"column=bigint"`
	// UnsignedBigInt unsigned big int
	UnsignedBigInt *int64 `gdao:"column=unsigned_big_int"`
	// Int2 int2
	Int2 *int64 `gdao:"column=int2"`
	// Int8 int8
	Int8 *int64 `gdao:"column=int8"`
	// Real real
	Real *float64 `gdao:"column=real"`
	// Numeric numeric
	Numeric *float64 `gdao:"column=numeric"`
	// Double double
	Double *float64 `gdao:"column=double"`
	// DoublePrecision double precision
	DoublePrecision *float64 `gdao:"column=double_precision"`
	// Float float
	Float *float64 `gdao:"column=float"`
	// Decimal decimal
	Decimal *float64 `gdao:"column=decimal"`
	// Boolean boolean[]
	Boolean *bool `gdao:"column=boolean"`
	// Date date
	Date *time.Time `gdao:"column=date"`
	// Datetime datetime
	Datetime *time.Time `gdao:"column=datetime"`
	// Text text
	Text *string `gdao:"column=text"`
	// Character character
	Character *string `gdao:"column=character"`
	// Varchar varchar
	Varchar *string `gdao:"column=varchar"`
	// VaryingCharacter varying character
	VaryingCharacter *string `gdao:"column=varying_character"`
	// Nchar nchar
	Nchar *string `gdao:"column=nchar"`
	// NativeCharacter native character
	NativeCharacter *string `gdao:"column=native_character"`
	// Nvarchar nvarchar
	Nvarchar *string `gdao:"column=nvarchar"`
	// Clob clob
	Clob *string `gdao:"column=clob"`
	// Blob blob
	Blob []byte `gdao:"column=blob"`
}
