// Code generated by https://github.com/jishaocong0910/gdao. YOU CAN EDIT FOR MORE.

package dao

import "github.com/jishaocong0910/gdao"

var SqlserverDao = _SqlserverDao{newBaseDao[Sqlserver](gdao.NewDaoReq{}, "sqlserver")}

type _SqlserverDao struct {
	*baseDao[Sqlserver]
}
