// Code generated by https://github.com/jishaocong0910/gdao. YOU CAN EDIT FOR MORE.

package dao

import "github.com/jishaocong0910/gdao"

var SqliteDao = _SqliteDao{newBaseDao[Sqlite](gdao.NewDaoReq{}, "sqlite")}

type _SqliteDao struct {
	*baseDao[Sqlite]
}
