// Code generated by https://github.com/jishaocong0910/gdao. YOU CAN EDIT FOR MORE.

package dao

import "time"

// Sqlserver sqlserver
// table: sqlserver
type Sqlserver struct {
	// Tinyint
	Tinyint *uint `gdao:"column=tinyint"`
	// Smallint smallint
	Smallint *int16 `gdao:"column=smallint"`
	// Int int
	Int *int32 `gdao:"column=int;auto=2"`
	// Bigint bigint
	Bigint *int64 `gdao:"column=bigint"`
	// Bit bit
	Bit *bool `gdao:"column=bit"`
	// Decimal decimal
	Decimal *float64 `gdao:"column=decimal"`
	// Numeric numeric
	Numeric *float64 `gdao:"column=numeric"`
	// Money money
	Money *float64 `gdao:"column=money"`
	// Smallmoney smallmoney
	Smallmoney *float64 `gdao:"column=smallmoney"`
	// Float float
	Float *float64 `gdao:"column=float"`
	// Real real
	Real *float32 `gdao:"column=real"`
	// Date date
	Date *time.Time `gdao:"column=date"`
	// Time time
	Time *time.Time `gdao:"column=time"`
	// Datetime2 datetime2
	Datetime2 *time.Time `gdao:"column=datetime2"`
	// Datetimeoffset datetimeoffset
	Datetimeoffset *time.Time `gdao:"column=datetimeoffset"`
	// Datetime datetime
	Datetime *time.Time `gdao:"column=datetime"`
	// Smalldatetime smalldatetime
	Smalldatetime *time.Time `gdao:"column=smalldatetime"`
	// Char char
	Char *string `gdao:"column=char"`
	// Varchar varchar
	Varchar *string `gdao:"column=varchar"`
	// Text text
	Text *string `gdao:"column=text"`
	// Nchar nchar
	Nchar *string `gdao:"column=nchar"`
	// Nvarchar nvarchar
	Nvarchar *string `gdao:"column=nvarchar"`
	// Ntext ntext
	Ntext *string `gdao:"column=ntext"`
	// Binary binary
	Binary []byte `gdao:"column=binary"`
	// Varbinary varbinary
	Varbinary []byte `gdao:"column=varbinary"`
	// Image image
	Image []byte `gdao:"column=image"`
	// Geography geography
	Geography []byte `gdao:"column=geography"`
	// Geometry geometry
	Geometry []byte `gdao:"column=geometry"`
	// Hierarchyid hierarchyid
	Hierarchyid []byte `gdao:"column=hierarchyid"`
	// Uniqueidentifier uniqueidentifier
	Uniqueidentifier []byte `gdao:"column=uniqueidentifier"`
	// Xml xml
	Xml *string `gdao:"column=xml"`
}
