// Code generated by https://github.com/jishaocong0910/gdao. YOU CAN EDIT FOR MORE.

package dao

import "github.com/jishaocong0910/gdao"

var OracleDao = _OracleDao{newBaseDao[Oracle](gdao.NewDaoReq{}, "ORACLE")}

type _OracleDao struct {
	*baseDao[Oracle]
}
