// Code generated by https://github.com/jishaocong0910/gdao. YOU CAN EDIT FOR MORE.

package dao

import "github.com/jishaocong0910/gdao"

var MysqlDao = _MysqlDao{newBaseDao[Mysql](gdao.NewDaoReq{}, "mysql")}

type _MysqlDao struct {
	*baseDao[Mysql]
}
